16:16:51 **** Incremental Build of configuration Debug for project camera_tcu ****
make all 
make --no-print-directory pre-build
a9-linaro-pre-build-step
 
make --no-print-directory main-build
Building file: ../src/tensil/architecture.c
Invoking: ARM v7 g++ compiler
arm-none-eabi-g++ -Wall -O0 -g3 -c -fmessage-length=0 -MT"src/tensil/architecture.o" -mcpu=cortex-a9 -mfpu=vfpv3 -mfloat-abi=hard -I/home/lubin/DeepEmbeddedEntomology/systems/1-board_system/software/system_wrapper/export/system_wrapper/sw/system_wrapper/standalone_ps7_cortexa9_0/bspinclude/include -MMD -MP -MF"src/tensil/architecture.d" -MT"src/tensil/architecture.o" -o "src/tensil/architecture.o" "../src/tensil/architecture.c"
Finished building: ../src/tensil/architecture.c
 
Building file: ../src/tensil/dram.c
Invoking: ARM v7 g++ compiler
arm-none-eabi-g++ -Wall -O0 -g3 -c -fmessage-length=0 -MT"src/tensil/dram.o" -mcpu=cortex-a9 -mfpu=vfpv3 -mfloat-abi=hard -I/home/lubin/DeepEmbeddedEntomology/systems/1-board_system/software/system_wrapper/export/system_wrapper/sw/system_wrapper/standalone_ps7_cortexa9_0/bspinclude/include -MMD -MP -MF"src/tensil/dram.d" -MT"src/tensil/dram.o" -o "src/tensil/dram.o" "../src/tensil/dram.c"
Finished building: ../src/tensil/dram.c
 
Building file: ../src/tensil/driver.c
Invoking: ARM v7 g++ compiler
arm-none-eabi-g++ -Wall -O0 -g3 -c -fmessage-length=0 -MT"src/tensil/driver.o" -mcpu=cortex-a9 -mfpu=vfpv3 -mfloat-abi=hard -I/home/lubin/DeepEmbeddedEntomology/systems/1-board_system/software/system_wrapper/export/system_wrapper/sw/system_wrapper/standalone_ps7_cortexa9_0/bspinclude/include -MMD -MP -MF"src/tensil/driver.d" -MT"src/tensil/driver.o" -o "src/tensil/driver.o" "../src/tensil/driver.c"
Finished building: ../src/tensil/driver.c
 
Building file: ../src/tensil/driver_tests.c
Invoking: ARM v7 g++ compiler
arm-none-eabi-g++ -Wall -O0 -g3 -c -fmessage-length=0 -MT"src/tensil/driver_tests.o" -mcpu=cortex-a9 -mfpu=vfpv3 -mfloat-abi=hard -I/home/lubin/DeepEmbeddedEntomology/systems/1-board_system/software/system_wrapper/export/system_wrapper/sw/system_wrapper/standalone_ps7_cortexa9_0/bspinclude/include -MMD -MP -MF"src/tensil/driver_tests.d" -MT"src/tensil/driver_tests.o" -o "src/tensil/driver_tests.o" "../src/tensil/driver_tests.c"
Finished building: ../src/tensil/driver_tests.c
 
Building file: ../src/tensil/error.c
Invoking: ARM v7 g++ compiler
arm-none-eabi-g++ -Wall -O0 -g3 -c -fmessage-length=0 -MT"src/tensil/error.o" -mcpu=cortex-a9 -mfpu=vfpv3 -mfloat-abi=hard -I/home/lubin/DeepEmbeddedEntomology/systems/1-board_system/software/system_wrapper/export/system_wrapper/sw/system_wrapper/standalone_ps7_cortexa9_0/bspinclude/include -MMD -MP -MF"src/tensil/error.d" -MT"src/tensil/error.o" -o "src/tensil/error.o" "../src/tensil/error.c"
Finished building: ../src/tensil/error.c
 
Building file: ../src/tensil/instruction.c
Invoking: ARM v7 g++ compiler
arm-none-eabi-g++ -Wall -O0 -g3 -c -fmessage-length=0 -MT"src/tensil/instruction.o" -mcpu=cortex-a9 -mfpu=vfpv3 -mfloat-abi=hard -I/home/lubin/DeepEmbeddedEntomology/systems/1-board_system/software/system_wrapper/export/system_wrapper/sw/system_wrapper/standalone_ps7_cortexa9_0/bspinclude/include -MMD -MP -MF"src/tensil/instruction.d" -MT"src/tensil/instruction.o" -o "src/tensil/instruction.o" "../src/tensil/instruction.c"
Finished building: ../src/tensil/instruction.c
 
Building file: ../src/tensil/instruction_buffer.c
Invoking: ARM v7 g++ compiler
arm-none-eabi-g++ -Wall -O0 -g3 -c -fmessage-length=0 -MT"src/tensil/instruction_buffer.o" -mcpu=cortex-a9 -mfpu=vfpv3 -mfloat-abi=hard -I/home/lubin/DeepEmbeddedEntomology/systems/1-board_system/software/system_wrapper/export/system_wrapper/sw/system_wrapper/standalone_ps7_cortexa9_0/bspinclude/include -MMD -MP -MF"src/tensil/instruction_buffer.d" -MT"src/tensil/instruction_buffer.o" -o "src/tensil/instruction_buffer.o" "../src/tensil/instruction_buffer.c"
Finished building: ../src/tensil/instruction_buffer.c
 
Building file: ../src/tensil/model.c
Invoking: ARM v7 g++ compiler
arm-none-eabi-g++ -Wall -O0 -g3 -c -fmessage-length=0 -MT"src/tensil/model.o" -mcpu=cortex-a9 -mfpu=vfpv3 -mfloat-abi=hard -I/home/lubin/DeepEmbeddedEntomology/systems/1-board_system/software/system_wrapper/export/system_wrapper/sw/system_wrapper/standalone_ps7_cortexa9_0/bspinclude/include -MMD -MP -MF"src/tensil/model.d" -MT"src/tensil/model.o" -o "src/tensil/model.o" "../src/tensil/model.c"
Finished building: ../src/tensil/model.c
 
Building file: ../src/tensil/tcu.c
Invoking: ARM v7 g++ compiler
arm-none-eabi-g++ -Wall -O0 -g3 -c -fmessage-length=0 -MT"src/tensil/tcu.o" -mcpu=cortex-a9 -mfpu=vfpv3 -mfloat-abi=hard -I/home/lubin/DeepEmbeddedEntomology/systems/1-board_system/software/system_wrapper/export/system_wrapper/sw/system_wrapper/standalone_ps7_cortexa9_0/bspinclude/include -MMD -MP -MF"src/tensil/tcu.d" -MT"src/tensil/tcu.o" -o "src/tensil/tcu.o" "../src/tensil/tcu.c"
Finished building: ../src/tensil/tcu.c
 
Building file: ../src/platform/platform.c
Invoking: ARM v7 g++ compiler
arm-none-eabi-g++ -Wall -O0 -g3 -c -fmessage-length=0 -MT"src/platform/platform.o" -mcpu=cortex-a9 -mfpu=vfpv3 -mfloat-abi=hard -I/home/lubin/DeepEmbeddedEntomology/systems/1-board_system/software/system_wrapper/export/system_wrapper/sw/system_wrapper/standalone_ps7_cortexa9_0/bspinclude/include -MMD -MP -MF"src/platform/platform.d" -MT"src/platform/platform.o" -o "src/platform/platform.o" "../src/platform/platform.c"
Finished building: ../src/platform/platform.c
 
Building file: ../src/model/dataset.c
Invoking: ARM v7 g++ compiler
arm-none-eabi-g++ -Wall -O0 -g3 -c -fmessage-length=0 -MT"src/model/dataset.o" -mcpu=cortex-a9 -mfpu=vfpv3 -mfloat-abi=hard -I/home/lubin/DeepEmbeddedEntomology/systems/1-board_system/software/system_wrapper/export/system_wrapper/sw/system_wrapper/standalone_ps7_cortexa9_0/bspinclude/include -MMD -MP -MF"src/model/dataset.d" -MT"src/model/dataset.o" -o "src/model/dataset.o" "../src/model/dataset.c"
Finished building: ../src/model/dataset.c
 
Building file: ../src/model/model_execution.c
Invoking: ARM v7 g++ compiler
arm-none-eabi-g++ -Wall -O0 -g3 -c -fmessage-length=0 -MT"src/model/model_execution.o" -mcpu=cortex-a9 -mfpu=vfpv3 -mfloat-abi=hard -I/home/lubin/DeepEmbeddedEntomology/systems/1-board_system/software/system_wrapper/export/system_wrapper/sw/system_wrapper/standalone_ps7_cortexa9_0/bspinclude/include -MMD -MP -MF"src/model/model_execution.d" -MT"src/model/model_execution.o" -o "src/model/model_execution.o" "../src/model/model_execution.c"
../src/model/model_execution.c: In function 'void int_to_float(const u8*, float*, int)':
../src/model/model_execution.c:24:24: warning: variable 'error' set but not used [-Wunused-but-set-variable]
   24 |         tensil_error_t error = TENSIL_ERROR_NONE;
      |                        ^~~~~
../src/model/model_execution.c: In function 'int save_predictions(const char*, u16*, u16*, int)':
../src/model/model_execution.c:116:17: warning: unused variable 'fno' [-Wunused-variable]
  116 |         FILINFO fno;
      |                 ^~~
../src/model/model_execution.c:140:1: warning: control reaches end of non-void function [-Wreturn-type]
  140 | }
      | ^
Finished building: ../src/model/model_execution.c
 
Building file: ../src/detection/camera.c
Invoking: ARM v7 g++ compiler
arm-none-eabi-g++ -Wall -O0 -g3 -c -fmessage-length=0 -MT"src/detection/camera.o" -mcpu=cortex-a9 -mfpu=vfpv3 -mfloat-abi=hard -I/home/lubin/DeepEmbeddedEntomology/systems/1-board_system/software/system_wrapper/export/system_wrapper/sw/system_wrapper/standalone_ps7_cortexa9_0/bspinclude/include -MMD -MP -MF"src/detection/camera.d" -MT"src/detection/camera.o" -o "src/detection/camera.o" "../src/detection/camera.c"
../src/detection/camera.c:53:6: warning: 'void define_resolution(int, int, int, digilent::OV5640_cfg::mode_t&)' defined but not used [-Wunused-function]
   53 | void define_resolution(int width, int height, int fps, OV5640_cfg::mode_t &mode)
      |      ^~~~~~~~~~~~~~~~~
Finished building: ../src/detection/camera.c
 
Building file: ../src/detection/detect.c
Invoking: ARM v7 g++ compiler
arm-none-eabi-g++ -Wall -O0 -g3 -c -fmessage-length=0 -MT"src/detection/detect.o" -mcpu=cortex-a9 -mfpu=vfpv3 -mfloat-abi=hard -I/home/lubin/DeepEmbeddedEntomology/systems/1-board_system/software/system_wrapper/export/system_wrapper/sw/system_wrapper/standalone_ps7_cortexa9_0/bspinclude/include -MMD -MP -MF"src/detection/detect.d" -MT"src/detection/detect.o" -o "src/detection/detect.o" "../src/detection/detect.c"
../src/detection/detect.c: In function 'void runDetection(const u8*, const u8*, const u8*, u8*, int (*)[2], int (*)[4], int (*)[2000][2], int (*)[2], u16*, int*, u8)':
../src/detection/detect.c:398:32: warning: variable 'error' set but not used [-Wunused-but-set-variable]
  398 |                 tensil_error_t error = TENSIL_ERROR_NONE;
      |                                ^~~~~
Finished building: ../src/detection/detect.c
 
Building file: ../src/detection/image_processing.c
Invoking: ARM v7 g++ compiler
arm-none-eabi-g++ -Wall -O0 -g3 -c -fmessage-length=0 -MT"src/detection/image_processing.o" -mcpu=cortex-a9 -mfpu=vfpv3 -mfloat-abi=hard -I/home/lubin/DeepEmbeddedEntomology/systems/1-board_system/software/system_wrapper/export/system_wrapper/sw/system_wrapper/standalone_ps7_cortexa9_0/bspinclude/include -MMD -MP -MF"src/detection/image_processing.d" -MT"src/detection/image_processing.o" -o "src/detection/image_processing.o" "../src/detection/image_processing.c"
Finished building: ../src/detection/image_processing.c
 
Building file: ../src/console/console.c
Invoking: ARM v7 g++ compiler
arm-none-eabi-g++ -Wall -O0 -g3 -c -fmessage-length=0 -MT"src/console/console.o" -mcpu=cortex-a9 -mfpu=vfpv3 -mfloat-abi=hard -I/home/lubin/DeepEmbeddedEntomology/systems/1-board_system/software/system_wrapper/export/system_wrapper/sw/system_wrapper/standalone_ps7_cortexa9_0/bspinclude/include -MMD -MP -MF"src/console/console.d" -MT"src/console/console.o" -o "src/console/console.o" "../src/console/console.c"
../src/console/console.c: In function 'void printAccuracyBars(const float*, const char**, int)':
../src/console/console.c:171:26: warning: comparison of integer expressions of different signedness: 'size_t' {aka 'unsigned int'} and 'int' [-Wsign-compare]
  171 |     for (size_t i = 0; i < n_classes; ++i) {
      |                        ~~^~~~~~~~~~~
Finished building: ../src/console/console.c
 
Building file: ../src/console/stopwatch.c
Invoking: ARM v7 g++ compiler
arm-none-eabi-g++ -Wall -O0 -g3 -c -fmessage-length=0 -MT"src/console/stopwatch.o" -mcpu=cortex-a9 -mfpu=vfpv3 -mfloat-abi=hard -I/home/lubin/DeepEmbeddedEntomology/systems/1-board_system/software/system_wrapper/export/system_wrapper/sw/system_wrapper/standalone_ps7_cortexa9_0/bspinclude/include -MMD -MP -MF"src/console/stopwatch.d" -MT"src/console/stopwatch.o" -o "src/console/stopwatch.o" "../src/console/stopwatch.c"
Finished building: ../src/console/stopwatch.c
 
Building file: ../src/main.cc
Invoking: ARM v7 g++ compiler
arm-none-eabi-g++ -Wall -O0 -g3 -c -fmessage-length=0 -MT"src/main.o" -mcpu=cortex-a9 -mfpu=vfpv3 -mfloat-abi=hard -I/home/lubin/DeepEmbeddedEntomology/systems/1-board_system/software/system_wrapper/export/system_wrapper/sw/system_wrapper/standalone_ps7_cortexa9_0/bspinclude/include -MMD -MP -MF"src/main.d" -MT"src/main.o" -o "src/main.o" "../src/main.cc"
Finished building: ../src/main.cc
 
Building target: camera_tcu.elf
Invoking: ARM v7 g++ linker
arm-none-eabi-g++ -mcpu=cortex-a9 -mfpu=vfpv3 -mfloat-abi=hard -Wl,-build-id=none -specs=Xilinx.spec -Wl,-T -Wl,../src/lscript.ld -L/home/lubin/DeepEmbeddedEntomology/systems/1-board_system/software/system_wrapper/export/system_wrapper/sw/system_wrapper/standalone_ps7_cortexa9_0/bsplib/lib -o "camera_tcu.elf" ./src/tensil/architecture.o ./src/tensil/cJSON.o ./src/tensil/config.o ./src/tensil/dram.o ./src/tensil/driver.o ./src/tensil/driver_tests.o ./src/tensil/error.o ./src/tensil/instruction.o ./src/tensil/instruction_buffer.o ./src/tensil/model.o ./src/tensil/sample_buffer.o ./src/tensil/tcu.o  ./src/platform/platform.o  ./src/ov5640/OV5640.o  ./src/model/dataset.o ./src/model/model_execution.o  ./src/detection/camera.o ./src/detection/detect.o ./src/detection/image_processing.o  ./src/console/console.o ./src/console/stopwatch.o  ./src/main.o   -Wl,--start-group,-lxil,-lgcc,-lc,-lstdc++,--end-group -Wl,--start-group,-lxilffs,-lxil,-lgcc,-lc,--end-group
Finished building target: camera_tcu.elf
 
Invoking: ARM v7 Print Size
arm-none-eabi-size camera_tcu.elf  |tee "camera_tcu.elf.size"
   text	   data	    bss	    dec	    hex	filename
 805460	   4120	58813200	59622780	38dc57c	camera_tcu.elf
Finished building: camera_tcu.elf.size
 

16:16:56 Build Finished (took 5s.378ms)

